[    1681ms] [WARNING] WARNING: Invalid layout total size: 50%, 100%. Layout normalization will be applied. @ http://localhost:5173/node_modules/.vite/deps/reka-ui.js?v=5270f695:32391
[    1838ms] [ERROR] Failed to load resource: the server responded with a status of 404 (Not Found) @ http://localhost:5173/favicon.ico:0
[   72921ms] [ERROR] API Error: Error: pywebview is not registered
    at createObject (http://localhost:5173/src/api/object.ts:19:10)
    at callApi (http://localhost:5173/src/composables/useApi.ts:10:25)
    at createObject (http://localhost:5173/src/composables/useApi.ts:21:44)
    at Proxy.saveObjectToDB (http://localhost:5173/src/store/useMapObjectStore.ts:249:17)
    at Proxy.wrappedAction (http://localhost:5173/node_modules/.vite/deps/pinia.js?v=33535cc2:4795:14)
    at store.<computed> (http://localhost:5173/node_modules/.vite/deps/pinia.js?v=33535cc2:4482:40)
    at Proxy.finalizeObject (http://localhost:5173/src/composables/useL7.ts:79:25)
    at Proxy.handleSubmit (http://localhost:5173/src/components/Map/MapOptions.vue:39:10)
    at _createVNode.onClick._cache.<computed>._cache.<computed> (http://localhost:5173/src/components/Map/MapOptions.vue:82:59)
    at callWithErrorHandling (http://localhost:5173/node_modules/.vite/deps/vue.runtime.esm-bundler-CQ2r9r_T.js?v=240df328:1865:17) @ http://localhost:5173/src/api/object.ts:20
[   72962ms] [ERROR] API Error: Error: pywebview is not registered
    at createObject (http://localhost:5173/src/api/object.ts:19:10)
    at callApi (http://localhost:5173/src/composables/useApi.ts:10:25)
    at createObject (http://localhost:5173/src/composables/useApi.ts:21:44)
    at Proxy.saveObjectToDB (http://localhost:5173/src/store/useMapObjectStore.ts:249:17)
    at Proxy.wrappedAction (http://localhost:5173/node_modules/.vite/deps/pinia.js?v=33535cc2:4795:14)
    at store.<computed> (http://localhost:5173/node_modules/.vite/deps/pinia.js?v=33535cc2:4482:40)
    at Proxy.finalizeObject (http://localhost:5173/src/composables/useL7.ts:79:25)
    at Proxy.handleSubmit (http://localhost:5173/src/components/Map/MapOptions.vue:39:10)
    at _createVNode.onClick._cache.<computed>._cache.<computed> (http://localhost:5173/src/components/Map/MapOptions.vue:82:59)
    at callWithErrorHandling (http://localhost:5173/node_modules/.vite/deps/vue.runtime.esm-bundler-CQ2r9r_T.js?v=240df328:1865:17) @ http://localhost:5173/src/composables/useApi.ts:13
[   73021ms] Error: pywebview is not registered
    at createObject (http://localhost:5173/src/api/object.ts:19:10)
    at callApi (http://localhost:5173/src/composables/useApi.ts:10:25)
    at createObject (http://localhost:5173/src/composables/useApi.ts:21:44)
    at Proxy.saveObjectToDB (http://localhost:5173/src/store/useMapObjectStore.ts:249:17)
    at Proxy.wrappedAction (http://localhost:5173/node_modules/.vite/deps/pinia.js?v=33535cc2:4795:14)
    at store.<computed> (http://localhost:5173/node_modules/.vite/deps/pinia.js?v=33535cc2:4482:40)
    at Proxy.finalizeObject (http://localhost:5173/src/composables/useL7.ts:79:25)
    at Proxy.handleSubmit (http://localhost:5173/src/components/Map/MapOptions.vue:39:10)
    at _createVNode.onClick._cache.<computed>._cache.<computed> (http://localhost:5173/src/components/Map/MapOptions.vue:82:59)
    at callWithErrorHandling (http://localhost:5173/node_modules/.vite/deps/vue.runtime.esm-bundler-CQ2r9r_T.js?v=240df328:1865:17)
